// Jest Snapshot v1, https://goo.gl/fbAQLP

exports[`TodoList Component should render with default props 1`] = `
<div
  className="container"
>
  <h1>
     
  </h1>
  <p>
    Description: 
  </p>
</div>
`;
